
Lab - Entering Commands
==========
Follow the instructions line-by-line.  

* Type in the commands as is, but ignore the beginning prompt.  
* Enter, tab, up and down are represented by <ENTER><TAB>,<UP> and <DOWN>.  
* "No output" or "nothing happens" are valid answers to any of the questions.
==========



==========
1. Open Terminal.  Type:

$ ls<ENTER>

Copy and paste the output of ls below.
----------
v314-ent-002:~ student$ ls
Documents		
Public
Downloads	
QLData
Library			
Things
Adlm		
MPLABXProjects	ipe.properties
Adobe			
Movies			
isus
Applications		
Music			
pymel.log
Desktop			
Pictures		
xgen



==========
2a. Type: 

$ ls D<TAB>

What happens?  Describe it below.
----------
v314-ent-002:~ student$ ls D
Desktop/   Documents/ Downloads/ 

A list of directions start with an "D"



==========
2b. Press <TAB> one more time.  Copy and paste the output below.
----------
v314-ent-002:~ student$ 
Display all 2984 possibilities? (y or n)

!                                      mod
./                                     mod-mono-server
2to3                                   mod-mono-server2
2to3-                                  mod-mono-server4
2to3-2                                 modularize-mp-7.0
2to3-2.7                               modularize-mp-8.0
411toppm                               mogrify
4channels                              mono
:                                      mono-api-html
AppleFileServer                        mono-api-info
AssetCacheLocatorUtil                  mono-cil-strip
AssetCacheManagerUtil                  mono-configuration-crypto
AssetCacheTetheratorUtil               mono-find-provides
BootCacheControl                       mono-find-requires
BuildStrings                           mono-heapviz
ClassInitGenerator                     mono-service
CpMac                                  mono-service2
DeRez                                  mono-sgen
DevToolsSecurity                       mono-shlib-cop
DirectoryService                       mono-symbolicate
FileStatsAgent                         mono-test-install
GetFileInfo                            mono-xmltool
GraphicsMagick++-config                mono32
GraphicsMagick-config                  mono64
--More--

==========
2c. Now press <ENTER>. Copy and paste the output below.
----------

[GraphicsMagick-config                  mono64
[GraphicsMagickWand-config              monodis
[IOAccelMemory                          monodocer
[IronRuby.Tests                         monodocs2html
[KernelEventAgent                       monodocs2slashdoc
[Magick++-config                        monolinker
[Magick-config                          monop
[MagickCore-config                      monop2
[MagickWand-config                      montage
[MergePef                               moo-outdated
[MvMac                                  moo-outdated5.18

==========
3.  Type:

$ ls -l Documents<ENTER>

Copy and paste the first *two lines* of output below.
----------
total 8
drwxrwxrwx  14 student  staff   476 Jan 17  2018 Adobe
drwxr-xr-x   3 student  staff   102 Aug 22  2016 Arduino



==========
4.  Type:

$ ls -a Documents

Copy and paste the first *two lines* of output below.
----------
.			Fritzing		Pro Tools
..			MATLAB			Processing


==========
5.  Type:

<UP><ENTER>

What command was repeated?
----------

v314-ent-002:~ student$ ls -a Documents

==========
6.  Type:

<UP><UP><UP><DOWN><ENTER>

What command was repeated?
----------

v314-ent-002:~ student$ ls -a Documents

ls -a Documents

I entered a couple of times so ls -a Documents command was repeatedly.

==========
7.  Type:

$ ls /Vol<TAB><ENTER>

What is the result of pressing tab?
----------

Macintosh HD		Share 1 Read Only	Share 2 Read-Write


==========
8.  Type:

$ ls doesnotexist

Copy and paste the output below.
----------
v314-ent-002:~ student$ ls doesnotexist
ls: doesnotexist: No such file or directory


==========
9.  What key do I press to go to the previous command?
----------

<UP>


==========
10.  Name two flags that we used in this exercise.
----------
1. -a
2. -l


==========
11.  What key do I use to attempt to autocomplete a command or a file name?
----------

<TAB>

==========
12.  What was the main command that we used throughout this exercise?
----------

ls

==========
13.  Name one argument that we passed to the command.
----------

Desktop

==========
14.  Type:

$ foo<ENTER>

Copy and paste the output below.
----------

v314-ent-002:~ student$ foo
-bash: foo: command not found

==========
15.  Type:

<UP><ENTER>

Copy and paste the output below.
----------

v314-ent-002:~ student$ <UP><ENTER>
-bash: syntax error near unexpected token `<'

==========
16.  In the following line....

$ ls -a Desktop

What is the command, flag, argument, and prompt?
----------

ls is the command

-a is the flag

Desktop is the argument

$ is prompt
